// Jest Snapshot v1, https://goo.gl/fbAQLP

exports[`TestPage renders shallow 1`] = `
<div>
  <Component>
    <Component>
      Fetch MTG cards
    </Component>
  </Component>
  <Connect(Component) />
</div>
`;
