// Jest Snapshot v1, https://goo.gl/fbAQLP

exports[`Button renders 1`] = `
<Component
  clicked={[MockFunction]}
>
  <button
    onClick={[MockFunction]}
    type="button"
  />
</Component>
`;
