// Jest Snapshot v1, https://goo.gl/fbAQLP

exports[`Content renders 1`] = `
<Component>
  <div
    className="obc_content-container"
  >
    children
  </div>
</Component>
`;
