// Jest Snapshot v1, https://goo.gl/fbAQLP

exports[`Content renders 1`] = `
<Component>
  <hr
    className="obc_divider"
  />
</Component>
`;
