// Jest Snapshot v1, https://goo.gl/fbAQLP

exports[`Content renders 1`] = `
<Component>
  <h1>
    children
  </h1>
</Component>
`;
