// Jest Snapshot v1, https://goo.gl/fbAQLP

exports[`Icon renders 1`] = `
<Component
  type="arrowdown-bold"
>
  <i
    className="obc_icon-arrowdown-bold"
  />
</Component>
`;
