// Jest Snapshot v1, https://goo.gl/fbAQLP

exports[`Nav renders 1`] = `
<Component>
  <nav>
    <ul
      className="obc_tabs"
    >
      children
    </ul>
  </nav>
</Component>
`;
