// Jest Snapshot v1, https://goo.gl/fbAQLP

exports[`App renders shallow 1`] = `<div />`;
